
Allocating common symbols
Common symbol       size              file

num_of_processors   0x4               output.o
uefi_mmio_space     0x8               output.o
e801_fake_bx        0x2               output.o
dom_io              0x800             output.o
clflush_size        0x4               output.o
e801_fake_ax        0x2               output.o
iommu_detected      0x1               output.o
uefi_booted         0x4               output.o
prohibit_iccard_init
                    0x4               output.o
num_dom             0x4               output.o
pci_config_mmio_data_head
                    0x8               output.o
handler_descriptor_lock
                    0x1               output.o
uefi_memory_map_data
                    0x4000            output.o
acpi_dsdt_system_state
                    0x1e              output.o

Discarded input sections

 .gomi          0x0000000000000000       0x10 output.o

Memory Configuration

Name             Origin             Length             Attributes
*default*        0x0000000000000000 0xffffffffffffffff

Linker script and memory map

                0x0000000040100000                virt = 0x40100000
                0x0000000000100000                phys = 0x100000
                0x0000000040100000                . = virt
                0x0000000040100000                head = .
                0x0000000040100078                . = (virt + SIZEOF_HEADERS)

.entry          0x0000000040101000     0x6880 load address 0x0000000000101000
                0x0000000040101000                code = .
 *(.entry)
 .entry         0x0000000040101000     0x6000 output.o
                0x000000004010100c                entry
                0x0000000040101330                uefi_entry_virttophys
                0x000000004010133b                uefi_entry_call
                0x000000004010137b                uefi_entry_pcpy
                0x00000000401013ba                uefi_entry_start
                0x00000000401014d1                uefi_entry_rsp
                0x00000000401014d9                uefi_entry_ret_addr
                0x0000000040101580                cpuinit_start
                0x00000000401017b0                vmm_base_cr3
                0x00000000401017c8                apinit_procs
                0x00000000401017d0                apinit_lock
                0x00000000401017d8                cpuinit_end
                0x0000000040103000                entry_pdp
                0x0000000040104000                entry_pd0
                0x0000000040105000                entry_pd
 *(.entry.text)
 .entry.text    0x0000000040107000      0x6ea output.o
                0x0000000040107000                uefi_init_get_vmmsize
                0x00000000401070aa                uefi_init
 *(.entry.data)
 *fill*         0x00000000401076ea       0x16 
 .entry.data    0x0000000040107700      0x180 output.o
                0x00000000401077c8                uefi_boot_param_ext_addr
                0x00000000401077d0                uefi_disconnect_controller
                0x00000000401077d8                uefi_image_handle
                0x00000000401077e0                uefi_close_protocol
                0x00000000401077e8                uefi_open_protocol
                0x00000000401077f0                uefi_free_pool
                0x00000000401077f8                uefi_locate_handle_buffer
                0x0000000040107800                uefi_acpi_table
                0x0000000040107808                uefi_acpi_20_table
                0x0000000040107810                uefi_wait_for_event
                0x0000000040107818                uefi_free_pages
                0x0000000040107820                uefi_get_memory_map
                0x0000000040107828                uefi_allocate_pages
                0x0000000040107830                uefi_conout_output_string
                0x0000000040107838                uefi_conin_read_key_stroke
                0x0000000040107840                uefi_conout
                0x0000000040107848                uefi_conin

.text           0x0000000040108000    0x3797f load address 0x0000000000108000
                0x0000000040108000                text = .
 *(.text)
 .text          0x0000000040108000    0x3797f output.o
                0x00000000401089f9                acpi_smi_hook
                0x0000000040108a4b                acpi_iohook
                0x0000000040108aa8                acpi_reset
                0x0000000040108c0a                acpi_poweroff
                0x0000000040108c41                get_acpi_time_raw
                0x0000000040108c61                acpi_read_mcfg
                0x000000004010e19b                acpi_dsdt_parse
                0x000000004010e264                acpi_ssdt_parse
                0x000000004010e3bd                apinitproc0
                0x000000004010e3ed                apic_available
                0x000000004010e416                ap_start_addr
                0x000000004010e786                panic_wakeup_all
                0x000000004010e821                disable_apic
                0x000000004010e8e9                sync_all_processors
                0x000000004010e980                start_all_processors
                0x000000004010e9c6                assertion_failed
                0x000000004010ea07                beep_set_freq
                0x000000004010ea37                beep_on
                0x000000004010ea46                beep_off
                0x000000004010eb9b                update_mtrr_and_pat
                0x000000004010ed1b                cache_get_gpat
                0x000000004010ed49                cache_set_gpat
                0x000000004010ed7b                cache_get_attr
                0x000000004010ed82                cache_get_gmtrr_type
                0x000000004010ee88                cache_gmtrr_type_equal
                0x000000004010efaf                cache_get_gmtrr_attr
                0x000000004010efb9                cache_get_gmtrrcap
                0x000000004010eff6                cache_get_gmtrr
                0x000000004010f020                cache_set_gmtrr
                0x000000004010f05d                cache_get_gmsr_amd
                0x000000004010f087                cache_set_gmsr_amd
                0x000000004010f4a7                callrealmode_endofcodeaddr
                0x000000004010f4b7                callrealmode_usevcpu
                0x000000004010f4c3                callrealmode_printmsg
                0x000000004010f4e3                callrealmode_getsysmemmap
                0x000000004010f533                callrealmode_getshiftflags
                0x000000004010f554                callrealmode_setvideomode
                0x000000004010f575                callrealmode_reboot
                0x000000004010f591                callrealmode_tcgbios
                0x000000004010f632                callrealmode_disk_readmbr
                0x000000004010f677                callrealmode_disk_readlba
                0x000000004010f6c6                callrealmode_bootcd_getstatus
                0x000000004010f71f                callrealmode_setcursorpos
                0x000000004010f749                callrealmode_startkernel32
                0x000000004010f76d                callrealmode_getfontinfo
                0x000000004010f7de                call_uefi_get_memory_map
                0x000000004010f85d                call_uefi_allocate_pages
                0x000000004010f8c0                call_uefi_free_pages
                0x000000004010f8e9                call_uefi_getkey
                0x000000004010f962                call_uefi_putchar
                0x000000004010f9b1                call_uefi_disconnect_pcidev_driver
                0x000000004010fc96                fill_pagetable
                0x000000004010fd9f                copy_uefi_bootcode
                0x000000004010ff0e                get_cpu_id
                0x000000004010ff21                cpu_emul_cpuid
                0x000000004010ffe1                cpu_emul_rdmsr
                0x0000000040110056                cpu_emul_wrmsr
                0x00000000401100cd                cpu_emul_hlt
                0x00000000401100e4                cpu_emul_cli
                0x0000000040110123                cpu_emul_sti
                0x0000000040110170                cpu_emul_realmode_int
                0x0000000040110342                cpu_emul_xsetbv
                0x0000000040112d95                cpu_interpreter
                0x0000000040114ff3                cpu_mmu_get_pte
                0x0000000040115775                write_linearaddr_ok_b
                0x000000004011579b                write_linearaddr_ok_w
                0x00000000401157ad                write_linearaddr_ok_l
                0x00000000401157bf                write_linearaddr_b
                0x000000004011582c                write_linearaddr_w
                0x00000000401158cb                write_linearaddr_l
                0x0000000040115968                write_linearaddr_q
                0x0000000040115a03                read_linearaddr_b
                0x0000000040115a6e                read_linearaddr_w
                0x0000000040115b07                read_linearaddr_l
                0x0000000040115ba0                read_linearaddr_q
                0x0000000040115c39                read_linearaddr_tss
                0x0000000040115cd0                write_linearaddr_tss
                0x0000000040119c4e                cpu_mmu_spt_tlbflush
                0x0000000040119c90                cpu_mmu_spt_updatecr3
                0x0000000040119f15                cpu_mmu_spt_invalidate
                0x0000000040119f8d                cpu_mmu_spt_pagefault
                0x000000004011a179                cpu_mmu_spt_extern_mapsearch
                0x000000004011a2aa                cpu_mmu_spt_map_1mb
                0x000000004011a445                cpu_mmu_spt_clear_all
                0x000000004011a589                cpu_mmu_spt_init
                0x000000004011ab17                cpu_seg_read_b
                0x000000004011ab85                cpu_seg_read_w
                0x000000004011abf3                cpu_seg_read_l
                0x000000004011ac61                cpu_seg_read_q
                0x000000004011accf                cpu_seg_write_b
                0x000000004011ad3e                cpu_seg_write_w
                0x000000004011adad                cpu_seg_write_l
                0x000000004011ae1b                cpu_seg_write_q
                0x000000004011ae89                cpu_stack_get
                0x000000004011aef8                cpu_stack_set
                0x000000004011af93                cpu_stack_push
                0x000000004011b035                cpu_stack_pop
                0x000000004011b113                call_cpuid
                0x000000004011b4f7                debug_gdb
                0x000000004011b4fc                debug_iohook
                0x000000004011b501                debug_msgregister
                0x000000004011b538                debug_msgunregister
                0x000000004011b5eb                exint_pass_intr_alloc
                0x000000004011b637                exint_pass_intr_free
                0x000000004011b659                exint_pass_intr_register_callback
                0x000000004011b6b3                do_exint_pass
                0x000000004011b7b9                read_gphys_b
                0x000000004011b820                write_gphys_b
                0x000000004011b8a3                read_gphys_w
                0x000000004011b934                write_gphys_w
                0x000000004011b9e5                read_gphys_l
                0x000000004011ba76                write_gphys_l
                0x000000004011bb2c                read_gphys_q
                0x000000004011bbbd                write_gphys_q
                0x000000004011bc6e                cmpxchg_gphys_l
                0x000000004011bd2b                cmpxchg_gphys_q
                0x000000004011bde8                gmm_pass_getforcemap
                0x000000004011be3b                gmm_pass_gp2hp
                0x000000004011be72                gmm_pass_gp2hp_2m
                0x000000004011c20a                call_initfunc
                0x000000004011c269                initfunc_init
                0x000000004011dde0                int_fatal
                0x000000004011e09d                callfunc_and_getint
                0x000000004011e0b8                do_externalint_enable
                0x000000004011e0d4                set_int_handler
                0x000000004011e0f2                int_exceptionHandler
                0x000000004011e0fc                int_init_ap
                0x000000004011e12c                do_io_nothing
                0x000000004011e170                set_iofunc
                0x000000004011e1e9                call_io
                0x000000004011e23f                mmio_hphys_access
                0x000000004011e2e3                VmwareSvgaPutString
                0x000000004011e375                VmwareSvgaColorFill
                0x000000004011e3c1                VmwareSvgaSwitchTo
                0x000000004011e3e1                VmwareSvgaInit
                0x000000004011e3ff                is_input_from_keyboard
                0x000000004011e433                setSpecialKeysFlags
                0x000000004011e475                setKeyCaptureMode
                0x000000004011e669                do_iopass_default
                0x000000004011e8f3                keyboard_reset
                0x000000004011e942                setkbdled
                0x000000004011e997                keyboard_flush
                0x000000004011e9b9                load_bootsector
                0x000000004011ed50                copy_bootsector
                0x000000004011f171                localapic_wait_for_sipi
                0x000000004011f248                localapic_change_base_msr
                0x000000004011f2c6                localapic_mmio_register
                0x000000004011f335                localapic_delayed_ap_start
                0x000000004011f341                localapic_x2apic_icr
                0x000000004011feb9                resume_vm
                0x000000004011ff6f                vmm_main
                0x000000004012044f                getsysmemmap
                0x00000000401204ca                getfakesysmemmap
                0x000000004012053f                phys_to_virt
                0x0000000040120554                vmm_start_inf
                0x000000004012055f                vmm_term_inf
                0x000000004012056f                num_of_available_pages
                0x00000000401205ec                mm_get_panicmem
                0x000000004012061a                mm_free_panicmem
                0x0000000040120669                alloc_pages
                0x00000000401206d3                alloc_page
                0x00000000401206ea                alloc
                0x000000004012095c                alloc2
                0x000000004012099b                free
                0x0000000040120aae                realloc
                0x0000000040120be5                free_page
                0x0000000040120bff                free_page_phys
                0x0000000040120c29                mempool_new
                0x0000000040120c87                mempool_free
                0x0000000040120d43                mempool_allocmem
                0x0000000040120f3a                mempool_freemem
                0x00000000401211b5                sym_to_phys
                0x00000000401211c8                phys_in_vmm
                0x00000000401211ee                mm_force_unlock
                0x0000000040121216                mm_process_alloc
                0x000000004012125c                mm_process_free
                0x000000004012126e                pmap_open_vmm
                0x0000000040121298                pmap_open_guest
                0x00000000401212da                pmap_close
                0x00000000401212df                pmap_getreadlevel
                0x00000000401212ea                pmap_setlevel
                0x00000000401212f5                pmap_seek
                0x0000000040121339                pmap_read
                0x00000000401215e4                pmap_write
                0x00000000401217b8                mm_process_unmap
                0x0000000040121892                mm_process_unmap_stack
                0x0000000040121a54                mm_process_unmapall
                0x0000000040121af8                mm_process_switch
                0x0000000040121cc3                pmap_pointer
                0x0000000040121d28                pmap_clear
                0x0000000040121e64                pmap_autoalloc
                0x0000000040121fd6                mm_process_map_alloc
                0x00000000401220bd                mm_process_map_shared_physpage
                0x000000004012211c                mm_process_map_shared
                0x000000004012237f                mm_process_map_stack
                0x0000000040122ddd                pmap_dump
                0x0000000040122eec                unmapmem
                0x0000000040122fb8                mapmem
                0x00000000401233e5                read_hphys_b
                0x0000000040123440                write_hphys_b
                0x0000000040123469                read_hphys_w
                0x0000000040123497                write_hphys_w
                0x00000000401234c1                read_hphys_l
                0x00000000401234ed                write_hphys_l
                0x0000000040123516                read_hphys_q
                0x0000000040123544                write_hphys_q
                0x000000004012356f                cmpxchg_hphys_l
                0x00000000401235b3                cmpxchg_hphys_q
                0x00000000401235fb                alloc_realmodemem
                0x00000000401237f8                mapmem_hphys
                0x0000000040123817                mapmem_gphys
                0x0000000040123836                mm_flush_wb_cache
                0x0000000040123ec4                mmio_access_memory
                0x00000000401241a2                mmio_access_page
                0x000000004012426f                mmio_register
                0x0000000040124287                mmio_register_unlocked
                0x000000004012429f                mmio_unregister
                0x0000000040124353                mmio_lock
                0x000000004012438f                mmio_unlock
                0x0000000040124493                mmio_range
                0x0000000040124607                msg_findname
                0x000000004012466d                msg_register
                0x0000000040124742                msg_unregister
                0x00000000401247c6                msg_unregisterall
                0x0000000040124846                msg_unregister2
                0x0000000040124910                call_read_msr
                0x000000004012492b                call_write_msr
                0x0000000040124f40                msr_pass_hook_x2apic_icr
                0x000000004012505f                load_minios
                0x00000000401252e6                backtrace
                0x0000000040125c46                panic
                0x00000000401261c3                auto_reboot
                0x00000000401261e6                panic_test
                0x000000004012620c                pcpu_list_foreach
                0x0000000040126240                pcpu_list_add
                0x0000000040126293                pcpu_init
                0x0000000040126df9                vprintf
                0x0000000040126e3b                printf
                0x0000000040126e87                vsnprintf
                0x0000000040126ec9                snprintf
                0x0000000040127109                sys_msgsetfunc
                0x00000000401271b3                sys_msgclose
                0x00000000401271d0                sys_msgret
                0x00000000401272a1                sys_msgregister
                0x00000000401274e0                sys_msgsenddesc
                0x00000000401278c2                sys_newprocess
                0x0000000040127929                sys_msgunregister
                0x00000000401279be                sys_exitprocess
                0x0000000040127a12                sys_msgopen
                0x0000000040127a77                process_kill
                0x0000000040127adf                own_process64_msrs
                0x0000000040128256                sys_msgsendint
                0x0000000040128305                sys_msgsendbuf
                0x0000000040128430                msgsetfunc
                0x0000000040128444                msgregister
                0x0000000040128461                msgopen
                0x000000004012847b                msgclose
                0x000000004012848c                msgsendint
                0x00000000401284a7                msgsenddesc
                0x00000000401284c2                newprocess
                0x00000000401284dc                msgsendbuf
                0x00000000401284fd                msgunregister
                0x0000000040128534                exitprocess
                0x000000004012854d                msgpremapbuf
                0x000000004012866a                process_syscall
                0x0000000040128724                putchar
                0x0000000040128769                putchar_set_func
                0x00000000401288a7                do_panic_reboot
                0x0000000040128928                handle_init_to_bsp
                0x000000004012899a                reboot_test
                0x00000000401289cd                savemsr_save
                0x0000000040128a3b                savemsr_load
                0x0000000040128db1                get_seg_base
                0x0000000040128e67                get_seg_access_rights
                0x0000000040128e86                segment_wakeup
                0x0000000040128ece                segment_init_ap
                0x00000000401290ee                serial_putDebugChar
                0x00000000401290ff                serial_getDebugChar
                0x0000000040129113                serial_putchar
                0x0000000040129177                serial_init_iohook
                0x00000000401291b6                waitcycles
                0x00000000401291cf                usleep
                0x00000000401292d4                sleep_set_timer_counter
                0x0000000040129305                strtol
                0x000000004012959b                vmctl_svm_init
                0x00000000401295ef                message_exitcode
                0x000000004012996c                printexitcode
                0x0000000040129990                svm_available
                0x0000000040129a35                svm_reset
                0x0000000040129ce4                svm_vminit
                0x000000004012a0b9                svm_vmexit
                0x000000004012a0be                svm_init
                0x000000004012a1d8                svm_enable_resume
                0x000000004012a28d                svm_resume
                0x000000004012a3a1                svm_ioio
                0x000000004012a48e                svm_iopass
                0x000000004012a5f9                svm_init_signal
                0x000000004012a625                svm_start_vm
                0x000000004012b2af                svm_msr_update_lma
                0x000000004012b322                svm_read_msr
                0x000000004012b57f                svm_write_msr
                0x000000004012b7ed                svm_msrpass
                0x000000004012beb9                svm_np_init
                0x000000004012bf79                svm_np_pagefault
                0x000000004012c004                svm_np_tlbflush
                0x000000004012c009                svm_np_updatecr3
                0x000000004012c01b                svm_np_clear_all
                0x000000004012c087                svm_np_extern_mapsearch
                0x000000004012c13f                svm_np_map_1mb
                0x000000004012c1a8                svm_paging_extern_flush_tlb_entry
                0x000000004012c1b2                svm_paging_map_1mb
                0x000000004012c1b7                svm_paging_flush_guest_tlb
                0x000000004012c1f4                svm_paging_init
                0x000000004012c271                svm_paging_pagefault
                0x000000004012c28a                svm_paging_tlbflush
                0x000000004012c28f                svm_paging_invalidate
                0x000000004012c2a8                svm_paging_npf
                0x000000004012c2c1                svm_paging_updatecr3
                0x000000004012c2c6                svm_paging_spt_setcr3
                0x000000004012c2df                svm_paging_clear_all
                0x000000004012c2e4                svm_paging_get_gpat
                0x000000004012c2f6                svm_paging_set_gpat
                0x000000004012c308                svm_paging_apply_fixed_cr0
                0x000000004012c310                svm_paging_apply_fixed_cr4
                0x000000004012c318                svm_paging_pg_change
                0x000000004012c31d                svm_paging_start
                0x000000004012c343                svm_panic_dump
                0x000000004012c413                svm_read_general_reg
                0x000000004012c554                svm_write_general_reg
                0x000000004012c665                svm_read_control_reg
                0x000000004012c6ed                svm_write_control_reg
                0x000000004012c7bd                svm_read_sreg_sel
                0x000000004012c883                svm_read_sreg_acr
                0x000000004012c95e                svm_read_sreg_base
                0x000000004012ca75                svm_read_sreg_limit
                0x000000004012cb81                svm_read_ip
                0x000000004012cb9f                svm_write_ip
                0x000000004012cbc4                svm_read_flags
                0x000000004012cbe2                svm_write_flags
                0x000000004012cbfd                svm_read_gdtr
                0x000000004012cc33                svm_write_gdtr
                0x000000004012cc5b                svm_read_idtr
                0x000000004012cc91                svm_write_idtr
                0x000000004012ccb9                svm_write_realmode_seg
                0x000000004012cdfd                svm_writing_sreg
                0x000000004012d015                thread_gettid
                0x000000004012d029                schedule
                0x000000004012d274                thread_new
                0x000000004012d395                thread_wakeup
                0x000000004012d47e                thread_will_stop
                0x000000004012d4f7                thread_exit
                0x000000004012d599                thread_start1
                0x000000004012d7b6                get_cpu_time
                0x000000004012d870                get_acpi_time
                0x000000004012d913                get_time
                0x000000004012daf6                timer_new
                0x000000004012db75                timer_set
                0x000000004012dc92                timer_free
                0x000000004012e141                tty_putchar
                0x000000004012e374                ttylog_stop
                0x000000004012e383                tty_udp_register
                0x000000004012e3cc                tty_get_logbuf_info
                0x000000004012e40d                ttylog_copy_to_panicmem
                0x000000004012e424                ttylog_copy_from_panicmem
                0x000000004012e43b                tty_init_iohook
                0x000000004012e468                vcpu_list_foreach
                0x000000004012e49c                load_new_vcpu
                0x000000004012e54c                vga_register
                0x000000004012e5c5                vga_is_ready
                0x000000004012e61c                vga_transfer_image
                0x000000004012e666                vga_fill_rect
                0x000000004012e6a2                vga_get_screen_size
                0x000000004012e7bd                vmmcall
                0x000000004012e819                vmmcall_register
                0x000000004012e85a                vmmcall_init
                0x000000004012ebc6                vmmcall_boot_continue
                0x000000004012ec1a                vmmcall_boot_enable
                0x000000004012efca                register_status_callback
                0x000000004012f095                vramwrite_clearscreen
                0x000000004012f0fd                vramwrite_putchar
                0x000000004012f2dc                vramwrite_mark1
                0x000000004012f316                vramwrite_mark2
                0x000000004012f357                vramwrite_mark3
                0x000000004012f398                vramwrite_save_and_move_cursor
                0x000000004012f3c9                vramwrite_restore_cursor
                0x000000004012f3da                vramwrite_get_cursor_pos
                0x000000004012f426                vramwrite_init_global
                0x000000004012f432                vramwrite_exit_global
                0x000000004012f4dd                vt_generate_pagefault
                0x000000004012f562                vt_generate_external_int
                0x000000004012f5b3                vmctl_vt_init
                0x000000004012f607                vt_update_exint
                0x000000004012f68c                vt_vmptrld
                0x000000004012fbda                vt_ept_init
                0x000000004012fc98                vt_ept_violation
                0x000000004012fd23                vt_ept_tlbflush
                0x000000004012fd28                vt_ept_updatecr3
                0x000000004012fde5                vt_ept_clear_all
                0x000000004012fe51                vt_ept_extern_mapsearch
                0x000000004012ff09                vt_ept_map_1mb
                0x000000004012ff72                message_exitreason
                0x00000000401300e9                printexitreason
                0x0000000040130d45                vt_available
                0x0000000040130de1                vt__vmx_init
                0x0000000040130e2d                vt__vmxon
                0x0000000040130ee3                vt_vminit
                0x0000000040130f46                vt_vmexit
                0x0000000040130f67                vt_init
                0x0000000040130f7e                vt_enable_resume
                0x0000000040131069                vt_resume
                0x000000004013115c                vt_io
                0x000000004013128c                vt_iopass
                0x00000000401320ef                vt_update_exception_bmp
                0x00000000401326d9                vt_init_signal
                0x00000000401326eb                vt_start_vm
                0x0000000040132c6a                vt_msr_load_process64_msrs
                0x0000000040132d1c                vt_msr_own_process_msrs
                0x0000000040132d4e                vt_add_guest_msr
                0x0000000040132e9e                vt_read_guest_msr
                0x0000000040132f02                vt_write_guest_msr
                0x0000000040132f60                vt_msr_update_lma
                0x000000004013300d                vt_read_msr
                0x000000004013321c                vt_write_msr
                0x0000000040133433                vt_msrpass
                0x0000000040133574                vt_msr_init
                0x00000000401336c3                vt_paging_extern_flush_tlb_entry
                0x000000004013371a                vt_paging_map_1mb
                0x000000004013373c                vt_paging_flush_guest_tlb
                0x00000000401337a1                vt_paging_pagefault
                0x00000000401337fb                vt_paging_tlbflush
                0x000000004013382f                vt_paging_invalidate
                0x0000000040133871                vt_paging_npf
                0x00000000401338c9                vt_paging_updatecr3
                0x000000004013390d                vt_paging_spt_setcr3
                0x0000000040133941                vt_paging_clear_all
                0x000000004013397d                vt_paging_get_gpat
                0x000000004013398f                vt_paging_set_gpat
                0x00000000401339d9                vt_paging_apply_fixed_cr0
                0x0000000040133a4a                vt_paging_apply_fixed_cr4
                0x0000000040133aa8                vt_paging_pg_change
                0x0000000040133d6e                vt_paging_init
                0x0000000040133dc1                vt_paging_start
                0x0000000040133deb                vt_panic_dump
                0x0000000040133fdb                vt_read_general_reg
                0x0000000040134104                vt_write_general_reg
                0x00000000401341fd                vt_read_control_reg
                0x000000004013429d                vt_read_sreg_sel
                0x00000000401343ab                vt_read_sreg_acr
                0x0000000040134419                vt_read_sreg_base
                0x00000000401344b2                vt_read_sreg_limit
                0x0000000040134546                vt_read_ip
                0x0000000040134556                vt_write_ip
                0x0000000040134575                vt_read_flags
                0x000000004013459d                vt_write_flags
                0x00000000401345c2                vt_read_gdtr
                0x00000000401345dd                vt_write_gdtr
                0x00000000401345f2                vt_read_idtr
                0x000000004013463b                vt_write_idtr
                0x0000000040134670                vt_write_control_reg
                0x0000000040134bff                vt_get_current_regs_in_vmcs
                0x0000000040134eb3                vt_get_vmcs_regs_in_vmcs
                0x00000000401350ee                vt_write_realmode_seg
                0x000000004013523d                vt_writing_sreg
                0x00000000401352cd                vt_reset
                0x000000004013565f                prepare_for_sleep
                0x0000000040135725                cancel_sleep
                0x000000004013574e                wakeup_main
                0x00000000401357dd                wakeup_cont
                0x0000000040135921                wakeup_init
                0x0000000040135976                call_xsetbv
                0x0000000040135a40                mpumul_64_64
                0x0000000040135a60                mpudiv_128_32
                0x0000000040135a80                ipchecksum
                0x0000000040135b10                crc32
                0x0000000040135b20                asm_vmlaunch_regs_32
                0x0000000040135ba0                asm_vmresume_regs_32
                0x0000000040135c20                asm_vmrun_regs_32
                0x0000000040135c80                asm_vmrun_regs_nested_32
                0x0000000040135cf0                asm_vmlaunch_regs_64
                0x0000000040135dd0                asm_vmresume_regs_64
                0x0000000040135eb0                asm_vmrun_regs_64
                0x0000000040135f60                asm_vmrun_regs_nested_64
                0x0000000040136012                callrealmode_start
                0x0000000040136028                callrealmode_start2
                0x00000000401364b4                callrealmode_end
                0x00000000401364b4                move_vmm_area32
                0x00000000401364d9                move_vmm_area64
                0x0000000040136508                int_handler
                0x0000000040136578                int_callfunc
                0x0000000040137000                syscall_entry_sysexit
                0x000000004013702c                syscall_entry_lret
                0x000000004013705c                ret_to_user32
                0x0000000040137068                syscall_entry_sysret64
                0x00000000401370b0                ret_to_user64
                0x0000000040138000                processuser_sysenter
                0x0000000040139000                processuser_no_sysenter
                0x000000004013a000                processuser_syscall
                0x000000004013b140                memset
                0x000000004013b1c0                memcpy
                0x000000004013b200                strcmp
                0x000000004013b240                memcmp
                0x000000004013b280                strlen
                0x000000004013b298                sx_handler
                0x000000004013b2f0                thread_switch
                0x000000004013b310                thread_start0
                0x000000004013b34a                disconnect_pcidev_driver
                0x000000004013b457                uefi_param_ext_get_phys
                0x000000004013b4f4                core_init
                0x000000004013b504                core_mm_read_guest_phys
                0x000000004013b572                core_mm_write_guest_phys
                0x000000004013b5e0                alloc_handler_descriptor
                0x000000004013b5f7                core_io_modify_handler
                0x000000004013b6a4                core_io_unregister_handler
                0x000000004013b722                core_io_handle_default
                0x000000004013ba0e                panic_oom
                0x000000004013ba27                core_io_register_handler
                0x000000004013bb44                matched_drhd_u
                0x000000004013bb9f                parse_dmar_bios_report
                0x000000004013bba9                ieee1394_init
                0x000000004013bbae                iommu_setup
                0x000000004013bbb3                iodom_init
                0x000000004013bd40                add_remap
                0x000000004013bd77                create_dom
                0x000000004013bd81                pci_conceal_config_write
                0x000000004013bd8b                pci_conceal_config_read
                0x000000004013be95                pci_conceal_new
                0x000000004013c19d                pci_save_config_addr
                0x000000004013c1d4                pci_append_device
                0x000000004013c203                pci_dump_pci_dev_list
                0x000000004013c208                pci_find_driver_for_device
                0x000000004013c21a                pci_find_driver_by_token
                0x000000004013c279                pci_config_addr_handler
                0x000000004013c393                pci_set_bridge_callback
                0x000000004013c467                pci_register_driver
                0x000000004013c4b7                pci_register_intr_callback
                0x000000004013c4d4                pci_readwrite_config_mmio
                0x000000004013c592                pci_read_config_mmio
                0x000000004013c5b9                pci_write_config_mmio
                0x000000004013c5e0                pci_config_pmio_enter
                0x000000004013c638                pci_config_pmio_leave
                0x000000004013c6a1                pci_readwrite_config_pmio
                0x000000004013c754                pci_read_config_pmio
                0x000000004013c779                pci_write_config_pmio
                0x000000004013c79e                pci_config_read
                0x000000004013c807                pci_config_write
                0x000000004013c870                pci_handle_default_config_write
                0x000000004013c988                pci_handle_default_config_read
                0x000000004013d120                pci_config_data_handler
                0x000000004013d214                pci_config_mmio_handler
                0x000000004013d263                pci_get_bar_info
                0x000000004013d278                pci_set_bridge_io
                0x000000004013d5a0                pci_get_modifying_bar_info
                0x000000004013d662                pci_driver_option_get_int
                0x000000004013d6df                pci_driver_option_get_bool
                0x000000004013d7b8                pci_msi_init
                0x000000004013d90e                pci_msi_enable
                0x000000004013d93e                pci_msi_disable
                0x000000004013d96e                pci_print_device
                0x000000004013dc46                pci_get_bridge_from_bus_no
                0x000000004013dc88                pci_set_bridge_from_bus_no
                0x000000004013e002                pci_reconnect_device
                0x000000004013e2da                pci_possible_new_device
                0x000000004013e3a2                pci_system_disconnect
                0x000000004013e890                pci_match
                0x000000004013efdf                pci_match_add_compat
                0x000000004013f00f                pci_match_find_driver
                0x000000004013f647                security_storage_check_lba
                0x000000004013f7a4                net_register
                0x000000004013f816                net_new_nic
                0x000000004013f8d5                net_init
                0x000000004013f90c                net_start
                0x000000004013f95a                net_premap_recvbuf
                0x000000004013f97f                codeend = .

.iplt           0x000000004013f97f        0x0 load address 0x000000000013f97f
 .iplt          0x000000004013f97f        0x0 output.o

.rodata         0x000000004013f980     0x6454 load address 0x000000000013f980
 .rodata        0x000000004013f980     0x6454 output.o

.rodata.str1.8  0x0000000040145dd8     0x1fa9 load address 0x0000000000145dd8
 .rodata.str1.8
                0x0000000040145dd8     0x1fa9 output.o
                                       0x20a9 (size before relaxing)

.rodata.str1.1  0x0000000040147d81     0x2a7b load address 0x0000000000147d81
 .rodata.str1.1
                0x0000000040147d81     0x2a7b output.o
                                       0x2e74 (size before relaxing)

.eh_frame       0x000000004014a800     0x8104 load address 0x000000000014a800
 .eh_frame      0x000000004014a800     0x8104 output.o
                                       0x8a34 (size before relaxing)

.rela.dyn       0x0000000040152908        0x0 load address 0x0000000000152908
 .rela.got      0x0000000040152908        0x0 output.o
 .rela.iplt     0x0000000040152908        0x0 output.o
 .rela.text     0x0000000040152908        0x0 output.o
 .rela.entry.text
                0x0000000040152908        0x0 output.o

.data           0x0000000040153000    0x83bd8 load address 0x0000000000153000
                0x0000000040153000                data = .
 *(.data)
 .data          0x0000000040153000    0x8320b output.o
                0x0000000040153000                uefi_memory_map_size
                0x0000000040153020                config
                0x00000000401637d0                vmm_start_phys
                0x00000000401637d4                use_pae
                0x00000000401639f0                savemsr_index
                0x0000000040168000                calluefi
                0x0000000040168216                calluefi_uefi_gdtr
                0x0000000040168226                calluefi_uefi_idtr
                0x0000000040168236                calluefi_uefi_ldtr
                0x000000004016823e                calluefi_uefi_sregs
                0x000000004016824e                calluefi_uefi_cr3
                0x0000000040168256                guest_int0x15_hook
                0x0000000040168273                guest_int0x15_e801_fake_ax
                0x0000000040168276                guest_int0x15_e801_fake_bx
                0x0000000040168287                guest_int0x15_orig
                0x000000004016829c                guest_int0x15_e820_data_minus0x18
                0x00000000401682a4                guest_int0x15_e820_end
                0x00000000401682ca                guest_int0x15_hook_end
                0x00000000401692ce                wakeup_entry_start
                0x00000000401692d7                wakeup_entry_addr
                0x00000000401692fd                wakeup_entry_cr4
                0x0000000040169306                wakeup_entry_cr3
                0x000000004016930f                wakeup_entry_cr0
                0x000000004016931e                wakeup_entry_gdtr
                0x0000000040169328                wakeup_entry_end
                0x00000000401d6210                . = ALIGN (0x8)
 *fill*         0x00000000401d620b        0x5 
                0x00000000401d6210                __initfunc_start = .
 *(.initfunc)
 .initfunc      0x00000000401d6210      0x888 output.o
                0x00000000401d6210                __initfunc_acpi_init_paral
                0x00000000401d6228                __initfunc_acpi_init_global
                0x00000000401d6240                __initfunc_beep_init_msg
                0x00000000401d6258                __initfunc_cache_init_pass
                0x00000000401d6270                __initfunc_cache_init_vcpu
                0x00000000401d6288                __initfunc_update_mtrr_and_pat
                0x00000000401d62a0                __initfunc_cache_init_pcpu
                0x00000000401d62b8                __initfunc_callrealmode_panic
                0x00000000401d62d0                __initfunc_callrealmode_init_global
                0x00000000401d62e8                __initfunc_cpu_mmu_spt_init_pcpu
                0x00000000401d6300                __initfunc_cpu_mmu_spt_init_global
                0x00000000401d6318                __initfunc_cpuid_init
                0x00000000401d6330                __initfunc_cpuid_pass_init
                0x00000000401d6348                __initfunc_exint_pass_init
                0x00000000401d6360                __initfunc_gmm_pass_init
                0x00000000401d6378                __initfunc_install_int0x15_hook
                0x00000000401d6390                __initfunc_int_wakeup
                0x00000000401d63a8                __initfunc_int_init_global
                0x00000000401d63c0                __initfunc_io_io_init
                0x00000000401d63d8                __initfunc_setiohooks
                0x00000000401d63f0                __initfunc_io_iopass_init
                0x00000000401d6408                __initfunc_keyboard_init_msg
                0x00000000401d6420                __initfunc_localapic_init2
                0x00000000401d6438                __initfunc_localapic_init
                0x00000000401d6450                __initfunc_get_shiftflags
                0x00000000401d6468                __initfunc_copy_minios
                0x00000000401d6480                __initfunc_print_boot_msg
                0x00000000401d6498                __initfunc_debug_on_shift_key
                0x00000000401d64b0                __initfunc_wait_for_create_pass_vm
                0x00000000401d64c8                __initfunc_create_pass_vm
                0x00000000401d64e0                __initfunc_virtualization_init_pcpu
                0x00000000401d64f8                __initfunc_unmap_user_area
                0x00000000401d6510                __initfunc_mm_init_global
                0x00000000401d6528                __initfunc_mmio_debug
                0x00000000401d6540                __initfunc_mmio_init
                0x00000000401d6558                __initfunc_msg_init_global
                0x00000000401d6570                __initfunc_msr_init
                0x00000000401d6588                __initfunc_msr_pass_init
                0x00000000401d65a0                __initfunc_nmi_pass_init_pcpu
                0x00000000401d65b8                __initfunc_nmi_pass_init
                0x00000000401d65d0                __initfunc_panic_init_pcpu
                0x00000000401d65e8                __initfunc_panic_init_msg
                0x00000000401d6600                __initfunc_panic_init_global3
                0x00000000401d6618                __initfunc_panic_init_global
                0x00000000401d6630                __initfunc_printf_init_global
                0x00000000401d6648                __initfunc_process_wakeup
                0x00000000401d6660                __initfunc_process_init_ap
                0x00000000401d6678                __initfunc_process_init_global
                0x00000000401d6690                __initfunc_random_init_config0
                0x00000000401d66a8                __initfunc_random_init_global
                0x00000000401d66c0                __initfunc_reboot_init_msg
                0x00000000401d66d8                __initfunc_segment_init_global
                0x00000000401d66f0                __initfunc_serial_init_msg
                0x00000000401d6708                __initfunc_sleep_init_msg
                0x00000000401d6720                __initfunc_sleep_init_global
                0x00000000401d6738                __initfunc_svm_panic
                0x00000000401d6750                __initfunc_sx_init_pass_init
                0x00000000401d6768                __initfunc_thread_init_pcpu
                0x00000000401d6780                __initfunc_thread_init_global
                0x00000000401d6798                __initfunc_time_wakeup
                0x00000000401d67b0                __initfunc_time_init_msg
                0x00000000401d67c8                __initfunc_time_init_dbsp
                0x00000000401d67e0                __initfunc_time_init_pcpu
                0x00000000401d67f8                __initfunc_time_init_global_status
                0x00000000401d6810                __initfunc_time_init_global
                0x00000000401d6828                __initfunc_timer_init_global
                0x00000000401d6840                __initfunc_tty_init_msg
                0x00000000401d6858                __initfunc_tty_init_global2
                0x00000000401d6870                __initfunc_tty_init_global
                0x00000000401d6888                __initfunc_vcpu_init_global
                0x00000000401d68a0                __initfunc_vga_init
                0x00000000401d68b8                __initfunc_vmmcall_init
                0x00000000401d68d0                __initfunc_vmmcall_boot_init
                0x00000000401d68e8                __initfunc_vmmcall_dbgsh_init_global
                0x00000000401d6900                __initfunc_vmmcall_dbgsh_init
                0x00000000401d6918                __initfunc_vmmcall_status_init
                0x00000000401d6930                __initfunc_vmmcall_status_init_global
                0x00000000401d6948                __initfunc_vramwrite_init_bsp
                0x00000000401d6960                __initfunc_vramwrite_init_msg
                0x00000000401d6978                __initfunc_vt_register_status_callback
                0x00000000401d6990                __initfunc_vt_panic
                0x00000000401d69a8                __initfunc_xsetbv_init
                0x00000000401d69c0                __initfunc_xsetbv_pass_init
                0x00000000401d69d8                __initfunc_uefi_param_ext_init
                0x00000000401d69f0                __initfunc_core_init
                0x00000000401d6a08                __initfunc_ieee1394_init
                0x00000000401d6a20                __initfunc_iommu_setup
                0x00000000401d6a38                __initfunc_pci_conceal_init
                0x00000000401d6a50                __initfunc_pci_init
                0x00000000401d6a68                __initfunc_pci_match_compat_init
                0x00000000401d6a80                __initfunc_netapi_init
                0x00000000401d6a98                __initfunc_end = .
                0x00000000401d6a98                __process_builtin = .
 *(.processes)
 .processes     0x00000000401d6a98      0x140 output.o
                0x00000000401d6bd8                __process_builtin_end = .
                0x00000000401d6bd8                dataend = .

.got            0x00000000401d6bd8        0x0 load address 0x00000000001d6bd8
 .got           0x00000000401d6bd8        0x0 output.o

.got.plt        0x00000000401d6bd8        0x0 load address 0x00000000001d6bd8
 .got.plt       0x00000000401d6bd8        0x0 output.o

.igot.plt       0x00000000401d6bd8        0x0 load address 0x00000000001d6bd8
 .igot.plt      0x00000000401d6bd8        0x0 output.o

.bss            0x00000000401d7000   0x196000 load address 0x00000000001d7000
                0x00000000401d7000                bss = .
 *(.bss)
 .bss           0x00000000401d7000   0x190c68 output.o
                0x00000000401d70f0                uefi_memory_map_descsize
                0x00000000401db000                vmmsize
                0x00000000401db008                memorysize
                0x0000000040324a80                pcpu_default
                0x00000000403670e0                handler_descriptor
                0x00000000403672e8                drhd_list_head
                0x00000000403672f8                pci_driver_list_head
                0x0000000040367300                pci_device_list_head
 *(COMMON)
 *fill*         0x0000000040367c68       0x18 
 COMMON         0x0000000040367c80     0x487e output.o
                0x0000000040367c80                num_of_processors
                0x0000000040367c88                uefi_mmio_space
                0x0000000040367c90                e801_fake_bx
                0x0000000040367ca0                dom_io
                0x00000000403684a0                clflush_size
                0x00000000403684a4                e801_fake_ax
                0x00000000403684a6                iommu_detected
                0x00000000403684a8                uefi_booted
                0x00000000403684ac                prohibit_iccard_init
                0x00000000403684b0                num_dom
                0x00000000403684b8                pci_config_mmio_data_head
                0x00000000403684c0                handler_descriptor_lock
                0x00000000403684e0                uefi_memory_map_data
                0x000000004036c4e0                acpi_dsdt_system_state
                0x000000004036d000                . = ALIGN (0x1000)
 *fill*         0x000000004036c4fe      0xb02 
                0x000000004036d000                end = .

/DISCARD/
 *(.gomi)
LOAD output.o
OUTPUT(bitvisor.elf elf64-x86-64)

.comment        0x0000000000000000       0x2a
 .comment       0x0000000000000000       0x2a output.o
                                       0x11f9 (size before relaxing)

.note.GNU-stack
                0x0000000000000000        0x0
 .note.GNU-stack
                0x0000000000000000        0x0 output.o

.debug_aranges  0x0000000000000000     0x1630
 .debug_aranges
                0x0000000000000000     0x1630 output.o

.debug_info     0x0000000000000000   0x110122
 .debug_info    0x0000000000000000   0x110122 output.o

.debug_abbrev   0x0000000000000000    0x183a8
 .debug_abbrev  0x0000000000000000    0x183a8 output.o

.debug_line     0x0000000000000000    0x309b1
 .debug_line    0x0000000000000000    0x309b1 output.o

.debug_str      0x0000000000000000     0xf1b7
 .debug_str     0x0000000000000000     0xf1b7 output.o
                                      0x8e8b0 (size before relaxing)

.debug_loc      0x0000000000000000    0x7989e
 .debug_loc     0x0000000000000000    0x7989e output.o

.debug_ranges   0x0000000000000000     0x60f0
 .debug_ranges  0x0000000000000000     0x60f0 output.o

Cross Reference Table

Symbol                                            File
VmwareSvgaColorFill                               output.o
VmwareSvgaInit                                    output.o
VmwareSvgaPutString                               output.o
VmwareSvgaSwitchTo                                output.o
_GLOBAL_OFFSET_TABLE_                             output.o
__initfunc_acpi_init_global                       output.o
__initfunc_acpi_init_paral                        output.o
__initfunc_beep_init_msg                          output.o
__initfunc_cache_init_pass                        output.o
__initfunc_cache_init_pcpu                        output.o
__initfunc_cache_init_vcpu                        output.o
__initfunc_callrealmode_init_global               output.o
__initfunc_callrealmode_panic                     output.o
__initfunc_copy_minios                            output.o
__initfunc_core_init                              output.o
__initfunc_cpu_mmu_spt_init_global                output.o
__initfunc_cpu_mmu_spt_init_pcpu                  output.o
__initfunc_cpuid_init                             output.o
__initfunc_cpuid_pass_init                        output.o
__initfunc_create_pass_vm                         output.o
__initfunc_debug_on_shift_key                     output.o
__initfunc_end                                    output.o
__initfunc_exint_pass_init                        output.o
__initfunc_get_shiftflags                         output.o
__initfunc_gmm_pass_init                          output.o
__initfunc_ieee1394_init                          output.o
__initfunc_install_int0x15_hook                   output.o
__initfunc_int_init_global                        output.o
__initfunc_int_wakeup                             output.o
__initfunc_io_io_init                             output.o
__initfunc_io_iopass_init                         output.o
__initfunc_iommu_setup                            output.o
__initfunc_keyboard_init_msg                      output.o
__initfunc_localapic_init                         output.o
__initfunc_localapic_init2                        output.o
__initfunc_mm_init_global                         output.o
__initfunc_mmio_debug                             output.o
__initfunc_mmio_init                              output.o
__initfunc_msg_init_global                        output.o
__initfunc_msr_init                               output.o
__initfunc_msr_pass_init                          output.o
__initfunc_netapi_init                            output.o
__initfunc_nmi_pass_init                          output.o
__initfunc_nmi_pass_init_pcpu                     output.o
__initfunc_panic_init_global                      output.o
__initfunc_panic_init_global3                     output.o
__initfunc_panic_init_msg                         output.o
__initfunc_panic_init_pcpu                        output.o
__initfunc_pci_conceal_init                       output.o
__initfunc_pci_init                               output.o
__initfunc_pci_match_compat_init                  output.o
__initfunc_print_boot_msg                         output.o
__initfunc_printf_init_global                     output.o
__initfunc_process_init_ap                        output.o
__initfunc_process_init_global                    output.o
__initfunc_process_wakeup                         output.o
__initfunc_random_init_config0                    output.o
__initfunc_random_init_global                     output.o
__initfunc_reboot_init_msg                        output.o
__initfunc_segment_init_global                    output.o
__initfunc_serial_init_msg                        output.o
__initfunc_setiohooks                             output.o
__initfunc_sleep_init_global                      output.o
__initfunc_sleep_init_msg                         output.o
__initfunc_start                                  output.o
__initfunc_svm_panic                              output.o
__initfunc_sx_init_pass_init                      output.o
__initfunc_thread_init_global                     output.o
__initfunc_thread_init_pcpu                       output.o
__initfunc_time_init_dbsp                         output.o
__initfunc_time_init_global                       output.o
__initfunc_time_init_global_status                output.o
__initfunc_time_init_msg                          output.o
__initfunc_time_init_pcpu                         output.o
__initfunc_time_wakeup                            output.o
__initfunc_timer_init_global                      output.o
__initfunc_tty_init_global                        output.o
__initfunc_tty_init_global2                       output.o
__initfunc_tty_init_msg                           output.o
__initfunc_uefi_param_ext_init                    output.o
__initfunc_unmap_user_area                        output.o
__initfunc_update_mtrr_and_pat                    output.o
__initfunc_vcpu_init_global                       output.o
__initfunc_vga_init                               output.o
__initfunc_virtualization_init_pcpu               output.o
__initfunc_vmmcall_boot_init                      output.o
__initfunc_vmmcall_dbgsh_init                     output.o
__initfunc_vmmcall_dbgsh_init_global              output.o
__initfunc_vmmcall_init                           output.o
__initfunc_vmmcall_status_init                    output.o
__initfunc_vmmcall_status_init_global             output.o
__initfunc_vramwrite_init_bsp                     output.o
__initfunc_vramwrite_init_msg                     output.o
__initfunc_vt_panic                               output.o
__initfunc_vt_register_status_callback            output.o
__initfunc_wait_for_create_pass_vm                output.o
__initfunc_xsetbv_init                            output.o
__initfunc_xsetbv_pass_init                       output.o
__process_builtin                                 output.o
__process_builtin_end                             output.o
acpi_dsdt_parse                                   output.o
acpi_dsdt_system_state                            output.o
acpi_iohook                                       output.o
acpi_poweroff                                     output.o
acpi_read_mcfg                                    output.o
acpi_reset                                        output.o
acpi_smi_hook                                     output.o
acpi_ssdt_parse                                   output.o
add_remap                                         output.o
alloc                                             output.o
alloc2                                            output.o
alloc_handler_descriptor                          output.o
alloc_page                                        output.o
alloc_pages                                       output.o
alloc_realmodemem                                 output.o
ap_start_addr                                     output.o
apic_available                                    output.o
apinit_lock                                       output.o
apinit_procs                                      output.o
apinitproc0                                       output.o
asm_vmlaunch_regs_32                              output.o
asm_vmlaunch_regs_64                              output.o
asm_vmresume_regs_32                              output.o
asm_vmresume_regs_64                              output.o
asm_vmrun_regs_32                                 output.o
asm_vmrun_regs_64                                 output.o
asm_vmrun_regs_nested_32                          output.o
asm_vmrun_regs_nested_64                          output.o
assertion_failed                                  output.o
auto_reboot                                       output.o
backtrace                                         output.o
beep_off                                          output.o
beep_on                                           output.o
beep_set_freq                                     output.o
bss                                               output.o
cache_get_attr                                    output.o
cache_get_gmsr_amd                                output.o
cache_get_gmtrr                                   output.o
cache_get_gmtrr_attr                              output.o
cache_get_gmtrr_type                              output.o
cache_get_gmtrrcap                                output.o
cache_get_gpat                                    output.o
cache_gmtrr_type_equal                            output.o
cache_set_gmsr_amd                                output.o
cache_set_gmtrr                                   output.o
cache_set_gpat                                    output.o
call_cpuid                                        output.o
call_initfunc                                     output.o
call_io                                           output.o
call_read_msr                                     output.o
call_uefi_allocate_pages                          output.o
call_uefi_disconnect_pcidev_driver                output.o
call_uefi_free_pages                              output.o
call_uefi_get_memory_map                          output.o
call_uefi_getkey                                  output.o
call_uefi_putchar                                 output.o
call_write_msr                                    output.o
call_xsetbv                                       output.o
callfunc_and_getint                               output.o
callrealmode_bootcd_getstatus                     output.o
callrealmode_disk_readlba                         output.o
callrealmode_disk_readmbr                         output.o
callrealmode_end                                  output.o
callrealmode_endofcodeaddr                        output.o
callrealmode_getfontinfo                          output.o
callrealmode_getshiftflags                        output.o
callrealmode_getsysmemmap                         output.o
callrealmode_printmsg                             output.o
callrealmode_reboot                               output.o
callrealmode_setcursorpos                         output.o
callrealmode_setvideomode                         output.o
callrealmode_start                                output.o
callrealmode_start2                               output.o
callrealmode_startkernel32                        output.o
callrealmode_tcgbios                              output.o
callrealmode_usevcpu                              output.o
calluefi                                          output.o
calluefi_uefi_cr3                                 output.o
calluefi_uefi_gdtr                                output.o
calluefi_uefi_idtr                                output.o
calluefi_uefi_ldtr                                output.o
calluefi_uefi_sregs                               output.o
cancel_sleep                                      output.o
clflush_size                                      output.o
cmpxchg_gphys_l                                   output.o
cmpxchg_gphys_q                                   output.o
cmpxchg_hphys_l                                   output.o
cmpxchg_hphys_q                                   output.o
code                                              output.o
codeend                                           output.o
config                                            output.o
copy_bootsector                                   output.o
copy_uefi_bootcode                                output.o
core_init                                         output.o
core_io_handle_default                            output.o
core_io_modify_handler                            output.o
core_io_register_handler                          output.o
core_io_unregister_handler                        output.o
core_mm_read_guest_phys                           output.o
core_mm_write_guest_phys                          output.o
cpu_emul_cli                                      output.o
cpu_emul_cpuid                                    output.o
cpu_emul_hlt                                      output.o
cpu_emul_rdmsr                                    output.o
cpu_emul_realmode_int                             output.o
cpu_emul_sti                                      output.o
cpu_emul_wrmsr                                    output.o
cpu_emul_xsetbv                                   output.o
cpu_interpreter                                   output.o
cpu_mmu_get_pte                                   output.o
cpu_mmu_spt_clear_all                             output.o
cpu_mmu_spt_extern_mapsearch                      output.o
cpu_mmu_spt_init                                  output.o
cpu_mmu_spt_invalidate                            output.o
cpu_mmu_spt_map_1mb                               output.o
cpu_mmu_spt_pagefault                             output.o
cpu_mmu_spt_tlbflush                              output.o
cpu_mmu_spt_updatecr3                             output.o
cpu_seg_read_b                                    output.o
cpu_seg_read_l                                    output.o
cpu_seg_read_q                                    output.o
cpu_seg_read_w                                    output.o
cpu_seg_write_b                                   output.o
cpu_seg_write_l                                   output.o
cpu_seg_write_q                                   output.o
cpu_seg_write_w                                   output.o
cpu_stack_get                                     output.o
cpu_stack_pop                                     output.o
cpu_stack_push                                    output.o
cpu_stack_set                                     output.o
cpuinit_end                                       output.o
cpuinit_start                                     output.o
crc32                                             output.o
create_dom                                        output.o
dataend                                           output.o
debug_gdb                                         output.o
debug_iohook                                      output.o
debug_msgregister                                 output.o
debug_msgunregister                               output.o
disable_apic                                      output.o
disconnect_pcidev_driver                          output.o
do_exint_pass                                     output.o
do_externalint_enable                             output.o
do_io_nothing                                     output.o
do_iopass_default                                 output.o
do_panic_reboot                                   output.o
dom_io                                            output.o
drhd_list_head                                    output.o
e801_fake_ax                                      output.o
e801_fake_bx                                      output.o
end                                               output.o
entry                                             output.o
entry_pd                                          output.o
entry_pd0                                         output.o
entry_pdp                                         output.o
exint_pass_intr_alloc                             output.o
exint_pass_intr_free                              output.o
exint_pass_intr_register_callback                 output.o
exitprocess                                       output.o
fill_pagetable                                    output.o
free                                              output.o
free_page                                         output.o
free_page_phys                                    output.o
get_acpi_time                                     output.o
get_acpi_time_raw                                 output.o
get_cpu_id                                        output.o
get_cpu_time                                      output.o
get_seg_access_rights                             output.o
get_seg_base                                      output.o
get_time                                          output.o
getfakesysmemmap                                  output.o
getsysmemmap                                      output.o
gmm_pass_getforcemap                              output.o
gmm_pass_gp2hp                                    output.o
gmm_pass_gp2hp_2m                                 output.o
gs_current                                        output.o
gs_currentcpu                                     output.o
gs_init_count                                     output.o
gs_inthandling                                    output.o
gs_nmi                                            output.o
gs_syscallstack                                   output.o
guest_int0x15_e801_fake_ax                        output.o
guest_int0x15_e801_fake_bx                        output.o
guest_int0x15_e820_data_minus0x18                 output.o
guest_int0x15_e820_end                            output.o
guest_int0x15_hook                                output.o
guest_int0x15_hook_end                            output.o
guest_int0x15_orig                                output.o
handle_init_to_bsp                                output.o
handler_descriptor                                output.o
handler_descriptor_lock                           output.o
head                                              output.o
ieee1394_init                                     output.o
initfunc_init                                     output.o
int_callfunc                                      output.o
int_exceptionHandler                              output.o
int_fatal                                         output.o
int_handler                                       output.o
int_init_ap                                       output.o
iodom_init                                        output.o
iommu_detected                                    output.o
iommu_setup                                       output.o
ipchecksum                                        output.o
is_input_from_keyboard                            output.o
keyboard_flush                                    output.o
keyboard_reset                                    output.o
load_bootsector                                   output.o
load_minios                                       output.o
load_new_vcpu                                     output.o
localapic_change_base_msr                         output.o
localapic_delayed_ap_start                        output.o
localapic_mmio_register                           output.o
localapic_wait_for_sipi                           output.o
localapic_x2apic_icr                              output.o
mapmem                                            output.o
mapmem_gphys                                      output.o
mapmem_hphys                                      output.o
matched_drhd_u                                    output.o
memcmp                                            output.o
memcpy                                            output.o
memorysize                                        output.o
mempool_allocmem                                  output.o
mempool_free                                      output.o
mempool_freemem                                   output.o
mempool_new                                       output.o
memset                                            output.o
message_exitcode                                  output.o
message_exitreason                                output.o
mm_flush_wb_cache                                 output.o
mm_force_unlock                                   output.o
mm_free_panicmem                                  output.o
mm_get_panicmem                                   output.o
mm_process_alloc                                  output.o
mm_process_free                                   output.o
mm_process_map_alloc                              output.o
mm_process_map_shared                             output.o
mm_process_map_shared_physpage                    output.o
mm_process_map_stack                              output.o
mm_process_switch                                 output.o
mm_process_unmap                                  output.o
mm_process_unmap_stack                            output.o
mm_process_unmapall                               output.o
mmio_access_memory                                output.o
mmio_access_page                                  output.o
mmio_hphys_access                                 output.o
mmio_lock                                         output.o
mmio_range                                        output.o
mmio_register                                     output.o
mmio_register_unlocked                            output.o
mmio_unlock                                       output.o
mmio_unregister                                   output.o
move_vmm_area32                                   output.o
move_vmm_area64                                   output.o
mpudiv_128_32                                     output.o
mpumul_64_64                                      output.o
msg_findname                                      output.o
msg_register                                      output.o
msg_unregister                                    output.o
msg_unregister2                                   output.o
msg_unregisterall                                 output.o
msgclose                                          output.o
msgopen                                           output.o
msgpremapbuf                                      output.o
msgregister                                       output.o
msgsendbuf                                        output.o
msgsenddesc                                       output.o
msgsendint                                        output.o
msgsetfunc                                        output.o
msgunregister                                     output.o
msr_pass_hook_x2apic_icr                          output.o
net_init                                          output.o
net_new_nic                                       output.o
net_premap_recvbuf                                output.o
net_register                                      output.o
net_start                                         output.o
newprocess                                        output.o
num_dom                                           output.o
num_of_available_pages                            output.o
num_of_processors                                 output.o
own_process64_msrs                                output.o
panic                                             output.o
panic_oom                                         output.o
panic_test                                        output.o
panic_wakeup_all                                  output.o
parse_dmar_bios_report                            output.o
pci_append_device                                 output.o
pci_conceal_config_read                           output.o
pci_conceal_config_write                          output.o
pci_conceal_new                                   output.o
[...]
pci_register_intr_callback                        output.o
pci_save_config_addr                              output.o
pci_set_bridge_callback                           output.o
pci_set_bridge_from_bus_no                        output.o
pci_set_bridge_io                                 output.o
pci_system_disconnect                             output.o
pci_write_config_mmio                             output.o
pci_write_config_pmio                             output.o
pcpu_default                                      output.o
pcpu_init                                         output.o
pcpu_list_add                                     output.o
pcpu_list_foreach                                 output.o
phys_in_vmm                                       output.o
phys_to_virt                                      output.o
pmap_autoalloc                                    output.o
pmap_clear                                        output.o
pmap_close                                        output.o
pmap_dump                                         output.o
pmap_getreadlevel                                 output.o
pmap_open_guest                                   output.o
pmap_open_vmm                                     output.o
pmap_pointer                                      output.o
pmap_read                                         output.o
pmap_seek                                         output.o
pmap_setlevel                                     output.o
pmap_write                                        output.o
prepare_for_sleep                                 output.o
printexitcode                                     output.o
printexitreason                                   output.o
printf                                            output.o
process_kill                                      output.o
process_syscall                                   output.o
processuser_no_sysenter                           output.o
processuser_syscall                               output.o
processuser_sysenter                              output.o
prohibit_iccard_init                              output.o
putchar                                           output.o
putchar_set_func                                  output.o
read_gphys_b                                      output.o
read_gphys_l                                      output.o
read_gphys_q                                      output.o
read_gphys_w                                      output.o
read_hphys_b                                      output.o
read_hphys_l                                      output.o
read_hphys_q                                      output.o
read_hphys_w                                      output.o
read_linearaddr_b                                 output.o
read_linearaddr_l                                 output.o
read_linearaddr_q                                 output.o
read_linearaddr_tss                               output.o
read_linearaddr_w                                 output.o
realloc                                           output.o
reboot_test                                       output.o
register_status_callback                          output.o
resume_vm                                         output.o
ret_to_user32                                     output.o
ret_to_user64                                     output.o
savemsr_index                                     output.o
savemsr_load                                      output.o
savemsr_save                                      output.o
schedule                                          output.o
security_storage_check_lba                        output.o
segment_init_ap                                   output.o
segment_wakeup                                    output.o
serial_getDebugChar                               output.o
serial_init_iohook                                output.o
serial_putDebugChar                               output.o
serial_putchar                                    output.o
setKeyCaptureMode                                 output.o
setSpecialKeysFlags                               output.o
set_int_handler                                   output.o
set_iofunc                                        output.o
setkbdled                                         output.o
sleep_set_timer_counter                           output.o
snprintf                                          output.o
start_all_processors                              output.o
strcmp                                            output.o
strlen                                            output.o
strtol                                            output.o
svm_available                                     output.o
svm_enable_resume                                 output.o
svm_init                                          output.o
svm_init_signal                                   output.o
svm_ioio                                          output.o
svm_iopass                                        output.o
svm_msr_update_lma                                output.o
svm_msrpass                                       output.o
svm_np_clear_all                                  output.o
svm_np_extern_mapsearch                           output.o
svm_np_init                                       output.o
svm_np_map_1mb                                    output.o
svm_np_pagefault                                  output.o
svm_np_tlbflush                                   output.o
svm_np_updatecr3                                  output.o
svm_paging_apply_fixed_cr0                        output.o
svm_paging_apply_fixed_cr4                        output.o
svm_paging_clear_all                              output.o
svm_paging_extern_flush_tlb_entry                 output.o
svm_paging_flush_guest_tlb                        output.o
svm_paging_get_gpat                               output.o
svm_paging_init                                   output.o
svm_paging_invalidate                             output.o
svm_paging_map_1mb                                output.o
svm_paging_npf                                    output.o
svm_paging_pagefault                              output.o
svm_paging_pg_change                              output.o
svm_paging_set_gpat                               output.o
svm_paging_spt_setcr3                             output.o
svm_paging_start                                  output.o
svm_paging_tlbflush                               output.o
svm_paging_updatecr3                              output.o
svm_panic_dump                                    output.o
svm_read_control_reg                              output.o
svm_read_flags                                    output.o
svm_read_gdtr                                     output.o
svm_read_general_reg                              output.o
svm_read_idtr                                     output.o
svm_read_ip                                       output.o
svm_read_msr                                      output.o
svm_read_sreg_acr                                 output.o
svm_read_sreg_base                                output.o
svm_read_sreg_limit                               output.o
svm_read_sreg_sel                                 output.o
svm_reset                                         output.o
svm_resume                                        output.o
svm_start_vm                                      output.o
svm_vmexit                                        output.o
svm_vminit                                        output.o
svm_write_control_reg                             output.o
svm_write_flags                                   output.o
svm_write_gdtr                                    output.o
svm_write_general_reg                             output.o
svm_write_idtr                                    output.o
svm_write_ip                                      output.o
svm_write_msr                                     output.o
svm_write_realmode_seg                            output.o
svm_writing_sreg                                  output.o
sx_handler                                        output.o
sym_to_phys                                       output.o
sync_all_processors                               output.o
sys_exitprocess                                   output.o
sys_msgclose                                      output.o
sys_msgopen                                       output.o
sys_msgregister                                   output.o
sys_msgret                                        output.o
sys_msgsendbuf                                    output.o
sys_msgsenddesc                                   output.o
sys_msgsendint                                    output.o
sys_msgsetfunc                                    output.o
sys_msgunregister                                 output.o
sys_newprocess                                    output.o
syscall_entry_lret                                output.o
syscall_entry_sysexit                             output.o
syscall_entry_sysret64                            output.o
thread_exit                                       output.o
thread_gettid                                     output.o
thread_new                                        output.o
thread_start0                                     output.o
thread_start1                                     output.o
thread_switch                                     output.o
thread_wakeup                                     output.o
thread_will_stop                                  output.o
timer_free                                        output.o
timer_new                                         output.o
timer_set                                         output.o
tty_get_logbuf_info                               output.o
tty_init_iohook                                   output.o
tty_putchar                                       output.o
tty_udp_register                                  output.o
ttylog_copy_from_panicmem                         output.o
ttylog_copy_to_panicmem                           output.o
ttylog_stop                                       output.o
uefi_acpi_20_table                                output.o
uefi_acpi_table                                   output.o
uefi_allocate_pages                               output.o
uefi_boot_param_ext_addr                          output.o
uefi_booted                                       output.o
uefi_close_protocol                               output.o
uefi_conin                                        output.o
uefi_conin_read_key_stroke                        output.o
uefi_conout                                       output.o
uefi_conout_output_string                         output.o
uefi_disconnect_controller                        output.o
uefi_entry_call                                   output.o
uefi_entry_pcpy                                   output.o
uefi_entry_ret_addr                               output.o
uefi_entry_rsp                                    output.o
uefi_entry_start                                  output.o
uefi_entry_virttophys                             output.o
uefi_free_pages                                   output.o
uefi_free_pool                                    output.o
uefi_get_memory_map                               output.o
uefi_image_handle                                 output.o
uefi_init                                         output.o
uefi_init_get_vmmsize                             output.o
uefi_locate_handle_buffer                         output.o
uefi_memory_map_data                              output.o
uefi_memory_map_descsize                          output.o
uefi_memory_map_size                              output.o
uefi_mmio_space                                   output.o
uefi_open_protocol                                output.o
uefi_param_ext_get_phys                           output.o
uefi_wait_for_event                               output.o
unmapmem                                          output.o
update_mtrr_and_pat                               output.o
use_pae                                           output.o
usleep                                            output.o
vcpu_list_foreach                                 output.o
vga_fill_rect                                     output.o
vga_get_screen_size                               output.o
vga_is_ready                                      output.o
vga_register                                      output.o
vga_transfer_image                                output.o
vmctl_svm_init                                    output.o
vmctl_vt_init                                     output.o
vmm_base_cr3                                      output.o
vmm_main                                          output.o
vmm_start_inf                                     output.o
vmm_start_phys                                    output.o
vmm_term_inf                                      output.o
vmmcall                                           output.o
vmmcall_boot_continue                             output.o
vmmcall_boot_enable                               output.o
vmmcall_init                                      output.o
vmmcall_register                                  output.o
vmmsize                                           output.o
vprintf                                           output.o
vramwrite_clearscreen                             output.o
vramwrite_exit_global                             output.o
vramwrite_get_cursor_pos                          output.o
vramwrite_init_global                             output.o
vramwrite_mark1                                   output.o
vramwrite_mark2                                   output.o
vramwrite_mark3                                   output.o
vramwrite_putchar                                 output.o
vramwrite_restore_cursor                          output.o
vramwrite_save_and_move_cursor                    output.o
vsnprintf                                         output.o
vt__vmx_init                                      output.o
vt__vmxon                                         output.o
vt_add_guest_msr                                  output.o
vt_available                                      output.o
vt_enable_resume                                  output.o
vt_ept_clear_all                                  output.o
vt_ept_extern_mapsearch                           output.o
vt_ept_init                                       output.o
vt_ept_map_1mb                                    output.o
vt_ept_tlbflush                                   output.o
vt_ept_updatecr3                                  output.o
vt_ept_violation                                  output.o
vt_generate_external_int                          output.o
vt_generate_pagefault                             output.o
vt_get_current_regs_in_vmcs                       output.o
vt_get_vmcs_regs_in_vmcs                          output.o
vt_init                                           output.o
vt_init_signal                                    output.o
vt_io                                             output.o
vt_iopass                                         output.o
vt_msr_init                                       output.o
vt_msr_load_process64_msrs                        output.o
vt_msr_own_process_msrs                           output.o
vt_msr_update_lma                                 output.o
vt_msrpass                                        output.o
vt_paging_apply_fixed_cr0                         output.o
vt_paging_apply_fixed_cr4                         output.o
vt_paging_clear_all                               output.o
vt_paging_extern_flush_tlb_entry                  output.o
vt_paging_flush_guest_tlb                         output.o
vt_paging_get_gpat                                output.o
vt_paging_init                                    output.o
vt_paging_invalidate                              output.o
vt_paging_map_1mb                                 output.o
vt_paging_npf                                     output.o
vt_paging_pagefault                               output.o
vt_paging_pg_change                               output.o
vt_paging_set_gpat                                output.o
vt_paging_spt_setcr3                              output.o
vt_paging_start                                   output.o
vt_paging_tlbflush                                output.o
vt_paging_updatecr3                               output.o
vt_panic_dump                                     output.o
vt_read_control_reg                               output.o
vt_read_flags                                     output.o
vt_read_gdtr                                      output.o
vt_read_general_reg                               output.o
vt_read_guest_msr                                 output.o
vt_read_idtr                                      output.o
vt_read_ip                                        output.o
vt_read_msr                                       output.o
vt_read_sreg_acr                                  output.o
vt_read_sreg_base                                 output.o
vt_read_sreg_limit                                output.o
vt_read_sreg_sel                                  output.o
vt_reset                                          output.o
vt_resume                                         output.o
vt_start_vm                                       output.o
vt_update_exception_bmp                           output.o
vt_update_exint                                   output.o
vt_vmexit                                         output.o
vt_vminit                                         output.o
vt_vmptrld                                        output.o
vt_write_control_reg                              output.o
vt_write_flags                                    output.o
vt_write_gdtr                                     output.o
vt_write_general_reg                              output.o
vt_write_guest_msr                                output.o
vt_write_idtr                                     output.o
vt_write_ip                                       output.o
vt_write_msr                                      output.o
vt_write_realmode_seg                             output.o
vt_writing_sreg                                   output.o
waitcycles                                        output.o
wakeup_cont                                       output.o
wakeup_entry_addr                                 output.o
wakeup_entry_cr0                                  output.o
wakeup_entry_cr3                                  output.o
wakeup_entry_cr4                                  output.o
wakeup_entry_end                                  output.o
wakeup_entry_gdtr                                 output.o
wakeup_entry_start                                output.o
wakeup_init                                       output.o
wakeup_main                                       output.o
write_gphys_b                                     output.o
write_gphys_l                                     output.o
write_gphys_q                                     output.o
write_gphys_w                                     output.o
write_hphys_b                                     output.o
write_hphys_l                                     output.o
write_hphys_q                                     output.o
write_hphys_w                                     output.o
write_linearaddr_b                                output.o
write_linearaddr_l                                output.o
write_linearaddr_ok_b                             output.o
write_linearaddr_ok_l                             output.o
write_linearaddr_ok_w                             output.o
write_linearaddr_q                                output.o
write_linearaddr_tss                              output.o
write_linearaddr_w                                output.o
